Microchip MPLAB XC8 Compiler V1.38 ()

Linker command line:

-W-3 --edf=C:\Program Files (x86)\Microchip\xc8\v1.38\dat\en_msgs.txt -cs \
  -h+dist/default/production\USB-temp.X.production.sym \
  --cmf=dist/default/production\USB-temp.X.production.cmf -z -Q16F1455 \
  -oC:\Users\212007~1\AppData\Local\Temp\s8as.2 \
  -Mdist/default/production/USB-temp.X.production.map -E1 -ver=XC8 \
  -ASTACK=0213Dh-023efh -pstack=STACK -ACODE=00h-07FFhx4 \
  -ASTRCODE=00h-01FFFh -ASTRING=00h-0FFhx32 -ACONST=00h-0FFhx32 \
  -AENTRY=00h-0FFhx32 -ACOMMON=070h-07Fh -ABANK0=020h-06Fh \
  -ABANK1=0A0h-0EFh -ABANK2=0120h-016Fh -ABANK3=01A0h-01EFh \
  -ABANK4=0220h-026Fh -ABANK5=02A0h-02EFh -ABANK6=0320h-036Fh \
  -ABANK7=03A0h-03EFh -ABANK8=0420h-046Fh -ABANK9=04A0h-04EFh \
  -ABANK10=0520h-056Fh -ABANK11=05A0h-05EFh -ABANK12=0620h-064Fh \
  -ABIGRAM=02000h-023EFh \
  -ARAM=020h-06Fh,0A0h-0EFh,0120h-016Fh,01A0h-01EFh,0220h-026Fh,02A0h-02EFh,0320h-036Fh,03A0h-03EFh,0420h-046Fh,04A0h-04EFh,0520h-056Fh,05A0h-05EFh,0620h-064Fh \
  -AABS1=020h-07Fh,0A0h-0EFh,0120h-016Fh,01A0h-01EFh,0220h-026Fh,02A0h-02EFh,0320h-036Fh,03A0h-03EFh,0420h-046Fh,04A0h-04EFh,0520h-056Fh,05A0h-05EFh,0620h-064Fh \
  -ASFR0=00h-01Fh -ASFR1=080h-09Fh -ASFR2=0100h-011Fh -ASFR3=0180h-019Fh \
  -ASFR4=0200h-021Fh -ASFR5=0280h-029Fh -ASFR6=0300h-031Fh \
  -ASFR7=0380h-039Fh -ASFR8=0400h-041Fh -ASFR9=0480h-049Fh \
  -ASFR10=0500h-051Fh -ASFR11=0580h-059Fh -ASFR12=0600h-061Fh \
  -ASFR13=0680h-06EFh -ASFR14=0700h-076Fh -ASFR15=0780h-07EFh \
  -ASFR16=0800h-086Fh -ASFR17=0880h-08EFh -ASFR18=0900h-096Fh \
  -ASFR19=0980h-09EFh -ASFR20=0A00h-0A6Fh -ASFR21=0A80h-0AEFh \
  -ASFR22=0B00h-0B6Fh -ASFR23=0B80h-0BEFh -ASFR24=0C00h-0C6Fh \
  -ASFR25=0C80h-0CEFh -ASFR26=0D00h-0D6Fh -ASFR27=0D80h-0DEFh \
  -ASFR28=0E00h-0E6Fh -ASFR29=0E80h-0EEFh -ASFR30=0F00h-0F6Fh \
  -ASFR31=0F80h-0FEFh -preset_vec=00h,intentry=04h,init,end_init \
  -ppowerup=CODE -pcinit=CODE -pfunctab=CODE -ACONFIG=08007h-08008h \
  -pconfig=CONFIG -DCONFIG=2 -AIDLOC=08000h-08003h -pidloc=IDLOC -DIDLOC=2 \
  -DCODE=2 -DSTRCODE=2 -DSTRING=2 -DCONST=2 -DENTRY=2 -k \
  C:\Users\212007~1\AppData\Local\Temp\s8as.obj \
  dist/default/production\USB-temp.X.production.obj 

Object code version is 3.11

Machine type is 16F1455



                Name                               Link     Load   Length Selector   Space Scale
C:\Users\212007~1\AppData\Local\Temp\s8as.obj
                end_init                             1E       1E        2        8       0
                reset_vec                             0        0        2        0       0
                config                             8007     8007        2    1000E       0
dist/default/production\USB-temp.X.production.obj
                cinit                                20       20       39        8       0
                intentry                              4        4       1A        8       0
                text42                              959      959       11     12B2       0
                text41                              949      949       10     1292       0
                text40                              A60      A60       29     14C0       0
                text39                              919      919        B     1232       0
                text38                              DA5      DA5       73     1B4A       0
                text37                              8FF      8FF        8     11FE       0
                text36                              90F      90F        A     121E       0
                text35                              C28      C28       5A     1850       0
                text34                              8F1      8F1        7     11E2       0
                text33                              AB6      AB6       2F     156C       0
                text32                              A42      A42       1E     1484       0
                text31                              E96      E96       87     1D2C       0
                text30                              D41      D41       64     1A82       0
                text29                               59       59      2E3        8       0
                text28                              AE5      AE5       35     15CA       0
                text27                              907      907        8     120E       0
                text26                              9DB      9DB       18     13B6       0
                text25                              A0B      A0B       1B     1416       0
                text24                              B92      B92       4B     1724       0
                text23                              4AE      4AE      165        8       0
                text22                              F1D      F1D       E3     1E3A       0
                text20                              B4F      B4F       43     169E       0
                text19                              93B      93B        E     1276       0
                text18                              8F8      8F8        7     11F0       0
                text17                              B1A      B1A       35     1634       0
                text16                              A89      A89       2D     1512       0
                text15                              8E9      8E9        3     11D2       0
                text14                              98C      98C       12     1318       0
                text13                              9B0      9B0       14     1360       0
                text12                              99E      99E       12     133C       0
                text11                              96A      96A       11     12D4       0
                text10                              CDF      CDF       62     19BE       0
                text9                               C82      C82       5D     1904       0
                text8                               72F      72F       B8      E5E       0
                text7                               9F3      9F3       18     13E6       0
                text6                               97B      97B       11     12F6       0
                text5                               7E7      7E7       19      E5E       0
                text4                               A26      A26       1C     144C       0
                text3                               BDD      BDD       4B     17BA       0
                text2                               924      924        B     1248       0
                text1                               33C      33C      172        8       0
                maintext                            E18      E18       7E     1C30       0
                cstackBANK0                          38       38       34       38       1
                cstackCOMMON                         70       70        E       70       1
                cstackBANK1                          A0       A0       22       A0       1
                inittext                            92F      92F        C     125E       0
                dataBANK3                           1CB      1CB       17      1CB       1
                bssBANK3                            1E2      1E2        B      1CB       1
                dataBANK1                            CB       CB        5       A0       1
                bssBANK1                             C2       C2        9       A0       1
                bssBANK0                             6C       6C        4       38       1
                stringtext                          613      613      11C      C26       0
                idataBANK3                          9C4      9C4       17     1388       0
                idataBANK1                          8EC      8EC        5     11D8       0

TOTAL           Name                               Link     Load   Length     Space
        CLASS   STACK          

        CLASS   CODE           
                end_init                             1E       1E        2         0
                cinit                                20       20       39         0
                intentry                              4        4       1A         0
                reset_vec                             0        0        2         0
                text42                              959      959       11         0
                text41                              949      949       10         0
                text40                              A60      A60       29         0
                text39                              919      919        B         0
                text38                              DA5      DA5       73         0
                text37                              8FF      8FF        8         0
                text36                              90F      90F        A         0
                text35                              C28      C28       5A         0
                text34                              8F1      8F1        7         0
                text33                              AB6      AB6       2F         0
                text32                              A42      A42       1E         0
                text31                              E96      E96       87         0
                text30                              D41      D41       64         0
                text29                               59       59      2E3         0
                text28                              AE5      AE5       35         0
                text27                              907      907        8         0
                text26                              9DB      9DB       18         0
                text25                              A0B      A0B       1B         0
                text24                              B92      B92       4B         0
                text23                              4AE      4AE      165         0
                text22                              F1D      F1D       E3         0
                text20                              B4F      B4F       43         0
                text19                              93B      93B        E         0
                text18                              8F8      8F8        7         0
                text17                              B1A      B1A       35         0
                text16                              A89      A89       2D         0
                text15                              8E9      8E9        3         0
                text14                              98C      98C       12         0
                text13                              9B0      9B0       14         0
                text12                              99E      99E       12         0
                text11                              96A      96A       11         0
                text10                              CDF      CDF       62         0
                text9                               C82      C82       5D         0
                text8                               72F      72F       B8         0
                text7                               9F3      9F3       18         0
                text6                               97B      97B       11         0
                text5                               7E7      7E7       19         0
                text4                               A26      A26       1C         0
                text3                               BDD      BDD       4B         0
                text2                               924      924        B         0
                text1                               33C      33C      172         0
                maintext                            E18      E18       7E         0
                inittext                            92F      92F        C         0
                idataBANK3                          9C4      9C4       17         0
                idataBANK1                          8EC      8EC        5         0

        CLASS   STRCODE        
                stringtext                          613      613      11C         0

        CLASS   STRING         

        CLASS   CONST          

        CLASS   ENTRY          

        CLASS   COMMON         
                cstackCOMMON                         70       70        E         1

        CLASS   BANK0          
                cstackBANK0                          38       38       34         1
                bssBANK0                             6C       6C        4         1

        CLASS   BANK1          
                cstackBANK1                          A0       A0       22         1
                dataBANK1                            CB       CB        5         1
                bssBANK1                             C2       C2        9         1

        CLASS   BANK2          

        CLASS   BANK3          
                dataBANK3                           1CB      1CB       17         1
                bssBANK3                            1E2      1E2        B         1

        CLASS   BANK4          

        CLASS   BANK5          

        CLASS   BANK6          

        CLASS   BANK7          

        CLASS   BANK8          

        CLASS   BANK9          

        CLASS   BANK10         

        CLASS   BANK11         

        CLASS   BANK12         

        CLASS   BIGRAM         

        CLASS   RAM            

        CLASS   ABS1           
                abs_s1                               20       20       18         1
                abs_s1                               7E       7E        2         1
                abs_s1                               D0       D0       20         1
                abs_s1                              120      120       50         1
                abs_s1                              1A0      1A0       2B         1

        CLASS   SFR0           

        CLASS   SFR1           

        CLASS   SFR2           

        CLASS   SFR3           

        CLASS   SFR4           

        CLASS   SFR5           

        CLASS   SFR6           

        CLASS   SFR7           

        CLASS   SFR8           

        CLASS   SFR9           

        CLASS   SFR10          

        CLASS   SFR11          

        CLASS   SFR12          

        CLASS   SFR13          

        CLASS   SFR14          

        CLASS   SFR15          

        CLASS   SFR16          

        CLASS   SFR17          

        CLASS   SFR18          

        CLASS   SFR19          

        CLASS   SFR20          

        CLASS   SFR21          

        CLASS   SFR22          

        CLASS   SFR23          

        CLASS   SFR24          

        CLASS   SFR25          

        CLASS   SFR26          

        CLASS   SFR27          

        CLASS   SFR28          

        CLASS   SFR29          

        CLASS   SFR30          

        CLASS   SFR31          

        CLASS   CONFIG         
                config                             8007     8007        2         0

        CLASS   IDLOC          

        CLASS   BANK31         

        CLASS   BANK30         

        CLASS   BANK29         

        CLASS   BANK28         

        CLASS   BANK27         

        CLASS   BANK26         

        CLASS   BANK25         

        CLASS   BANK24         

        CLASS   BANK23         

        CLASS   BANK22         

        CLASS   BANK21         

        CLASS   BANK20         

        CLASS   BANK19         

        CLASS   BANK18         

        CLASS   BANK17         

        CLASS   BANK16         

        CLASS   BANK15         

        CLASS   BANK14         

        CLASS   BANK13         

        CLASS   EEDATA         



SEGMENTS        Name                           Load    Length   Top    Selector   Space  Class     Delta

                reset_vec                      000000  000002  000002         0       0  CODE        2
                intentry                       000004  00060F  000613         8       0  CODE        2
                cstackBANK0                    000038  000038  000070        38       1  BANK0       1
                cstackCOMMON                   000070  00000E  00007E        70       1  COMMON      1
                cstackBANK1                    0000A0  000030  0000D0        A0       1  BANK1       1
                dataBANK3                      0001CB  000022  0001ED       1CB       1  BANK3       1
                stringtext                     000613  00011C  00072F       C26       0  STRCODE     2
                text8                          00072F  0000D1  000800       E5E       0  CODE        2
                text15                         0008E9  000003  0008EC      11D2       0  CODE        2
                idataBANK1                     0008EC  000005  0008F1      11D8       0  CODE        2
                text34                         0008F1  000007  0008F8      11E2       0  CODE        2
                text18                         0008F8  000007  0008FF      11F0       0  CODE        2
                text37                         0008FF  000008  000907      11FE       0  CODE        2
                text27                         000907  000008  00090F      120E       0  CODE        2
                text36                         00090F  00000A  000919      121E       0  CODE        2
                text39                         000919  00000B  000924      1232       0  CODE        2
                text2                          000924  00000B  00092F      1248       0  CODE        2
                inittext                       00092F  00000C  00093B      125E       0  CODE        2
                text19                         00093B  00000E  000949      1276       0  CODE        2
                text41                         000949  000010  000959      1292       0  CODE        2
                text42                         000959  000011  00096A      12B2       0  CODE        2
                text11                         00096A  000011  00097B      12D4       0  CODE        2
                text6                          00097B  000011  00098C      12F6       0  CODE        2
                text14                         00098C  000012  00099E      1318       0  CODE        2
                text12                         00099E  000012  0009B0      133C       0  CODE        2
                text13                         0009B0  000014  0009C4      1360       0  CODE        2
                idataBANK3                     0009C4  000017  0009DB      1388       0  CODE        2
                text26                         0009DB  000018  0009F3      13B6       0  CODE        2
                text7                          0009F3  000018  000A0B      13E6       0  CODE        2
                text25                         000A0B  00001B  000A26      1416       0  CODE        2
                text4                          000A26  00001C  000A42      144C       0  CODE        2
                text32                         000A42  00001E  000A60      1484       0  CODE        2
                text40                         000A60  000029  000A89      14C0       0  CODE        2
                text16                         000A89  00002D  000AB6      1512       0  CODE        2
                text33                         000AB6  00002F  000AE5      156C       0  CODE        2
                text28                         000AE5  000035  000B1A      15CA       0  CODE        2
                text17                         000B1A  000035  000B4F      1634       0  CODE        2
                text20                         000B4F  000043  000B92      169E       0  CODE        2
                text24                         000B92  00004B  000BDD      1724       0  CODE        2
                text3                          000BDD  00004B  000C28      17BA       0  CODE        2
                text35                         000C28  00005A  000C82      1850       0  CODE        2
                text9                          000C82  00005D  000CDF      1904       0  CODE        2
                text10                         000CDF  000062  000D41      19BE       0  CODE        2
                text30                         000D41  000064  000DA5      1A82       0  CODE        2
                text38                         000DA5  000073  000E18      1B4A       0  CODE        2
                maintext                       000E18  00007E  000E96      1C30       0  CODE        2
                text31                         000E96  000087  000F1D      1D2C       0  CODE        2
                text22                         000F1D  0000E3  001000      1E3A       0  CODE        2
                config                         008007  000002  008009     1000E       0  CONFIG      2


UNUSED ADDRESS RANGES

        Name                Unused          Largest block    Delta
        BANK10           00520-0056F              50           1
        BANK11           005A0-005EF              50           1
        BANK12           00620-0064F              30           1
        BANK3            001ED-001EF               3           1
        BANK4            00220-0026F              50           1
        BANK5            002A0-002EF              50           1
        BANK6            00320-0036F              50           1
        BANK7            003A0-003EF              50           1
        BANK8            00420-0046F              50           1
        BANK9            004A0-004EF              50           1
        BIGRAM           02000-023EF             3F0           1
        CODE             00002-00003               2           2
                         00800-008E8              E9
                         01000-01FFF             800
        CONST            00002-00003               2           2
                         00800-008E8              E9
                         01000-01FFF             100
        ENTRY            00002-00003               2           2
                         00800-008E8              E9
                         01000-01FFF             100
        IDLOC            08000-08003               4           2
        RAM              001ED-001EF               3           1
                         00220-0026F              50
                         002A0-002EF              50
                         00320-0036F              50
                         003A0-003EF              50
                         00420-0046F              50
                         004A0-004EF              50
                         00520-0056F              50
                         005A0-005EF              50
                         00620-0064F              30
        SFR0             00000-0001F              20           1
        SFR1             00080-0009F              20           1
        SFR10            00500-0051F              20           1
        SFR11            00580-0059F              20           1
        SFR12            00600-0061F              20           1
        SFR13            00680-006EF              70           1
        SFR14            00700-0076F              70           1
        SFR15            00780-007EF              70           1
        SFR16            00800-0086F              70           1
        SFR17            00880-008EF              70           1
        SFR18            00900-0096F              70           1
        SFR19            00980-009EF              70           1
        SFR2             00100-0011F              20           1
        SFR20            00A00-00A6F              70           1
        SFR21            00A80-00AEF              70           1
        SFR22            00B00-00B6F              70           1
        SFR23            00B80-00BEF              70           1
        SFR24            00C00-00C6F              70           1
        SFR25            00C80-00CEF              70           1
        SFR26            00D00-00D6F              70           1
        SFR27            00D80-00DEF              70           1
        SFR28            00E00-00E6F              70           1
        SFR29            00E80-00EEF              70           1
        SFR3             00180-0019F              20           1
        SFR30            00F00-00F6F              70           1
        SFR31            00F80-00FEF              70           1
        SFR4             00200-0021F              20           1
        SFR5             00280-0029F              20           1
        SFR6             00300-0031F              20           1
        SFR7             00380-0039F              20           1
        SFR8             00400-0041F              20           1
        SFR9             00480-0049F              20           1
        STACK            0213D-023EF             2B3           1
        STRCODE          00002-00003               2           2
                         00800-008E8              E9
                         01000-01FFF            1000
        STRING           00002-00003               2           2
                         00800-008E8              E9
                         01000-01FFF             100

                                  Symbol Table

?___llmod                                        cstackBANK1  000A0
?___lwdiv                                        cstackBANK1  000A0
?___lwmod                                        cstackBANK1  000A8
?___wmul                                         cstackBANK1  000A0
?_pic16_linear_addr                              cstackBANK1  000A6
?_printf                                         cstackBANK1  000B2
?_usb_application_get_string                     cstackCOMMON 00070
?_usb_get_in_buffer                              cstackBANK1  000A4
?i1___wmul                                       cstackCOMMON 00070
?i1_pic16_linear_addr                            cstackCOMMON 00076
_ACTCONbits                                      (abs)        0039B
_ADCON0bits                                      (abs)        0009D
_ADCON1bits                                      (abs)        0009E
_ADRESH                                          (abs)        0009C
_ADRESL                                          (abs)        0009B
_ANSELA                                          (abs)        0018C
_ANSELC                                          (abs)        0018E
_FVRCONbits                                      (abs)        00117
_INTCONbits                                      (abs)        0000B
_LATCbits                                        (abs)        0010E
_OSCCONbits                                      (abs)        00099
_PIE1bits                                        (abs)        00091
_PIE2bits                                        (abs)        00092
_PIR1bits                                        (abs)        00011
_PIR2bits                                        (abs)        00012
_PORTCbits                                       (abs)        0000E
_PR2                                             (abs)        0001B
_T2CON                                           (abs)        0001C
_T2CONbits                                       (abs)        0001C
_TRISCbits                                       (abs)        0008E
_UADDR                                           (abs)        00E96
_UCFGbits                                        (abs)        00E91
_UCONbits                                        (abs)        00E8E
_UEIE                                            (abs)        00E97
_UEP0                                            (abs)        00E98
_UIE                                             (abs)        00E92
_UIEbits                                         (abs)        00E92
_UIR                                             (abs)        00E90
_UIRbits                                         (abs)        00E90
_USTATbits                                       (abs)        00E8F
__CFG_BOREN$ON                                   (abs)        00000
__CFG_BORV$LO                                    (abs)        00000
__CFG_CLKOUTEN$OFF                               (abs)        00000
__CFG_CP$OFF                                     (abs)        00000
__CFG_CPUDIV$NOCLKDIV                            (abs)        00000
__CFG_FCMEN$OFF                                  (abs)        00000
__CFG_FOSC$INTOSC                                (abs)        00000
__CFG_IESO$OFF                                   (abs)        00000
__CFG_LPBOR$ON                                   (abs)        00000
__CFG_LVP$OFF                                    (abs)        00000
__CFG_MCLRE$ON                                   (abs)        00000
__CFG_PLLEN$ENABLED                              (abs)        00000
__CFG_PLLMULT$3x                                 (abs)        00000
__CFG_PWRTE$OFF                                  (abs)        00000
__CFG_STVREN$ON                                  (abs)        00000
__CFG_USBLSCLK$48MHz                             (abs)        00000
__CFG_WDTE$OFF                                   (abs)        00000
__CFG_WRT$OFF                                    (abs)        00000
__Habs1                                          abs1         00000
__Hbank0                                         bank0        00000
__Hbank1                                         bank1        00000
__Hbank10                                        bank10       00000
__Hbank11                                        bank11       00000
__Hbank12                                        bank12       00000
__Hbank13                                        bank13       00000
__Hbank14                                        bank14       00000
__Hbank15                                        bank15       00000
__Hbank16                                        bank16       00000
__Hbank17                                        bank17       00000
__Hbank18                                        bank18       00000
__Hbank19                                        bank19       00000
__Hbank2                                         bank2        00000
__Hbank20                                        bank20       00000
__Hbank21                                        bank21       00000
__Hbank22                                        bank22       00000
__Hbank23                                        bank23       00000
__Hbank24                                        bank24       00000
__Hbank25                                        bank25       00000
__Hbank26                                        bank26       00000
__Hbank27                                        bank27       00000
__Hbank28                                        bank28       00000
__Hbank29                                        bank29       00000
__Hbank3                                         bank3        00000
__Hbank30                                        bank30       00000
__Hbank31                                        bank31       00000
__Hbank4                                         bank4        00000
__Hbank5                                         bank5        00000
__Hbank6                                         bank6        00000
__Hbank7                                         bank7        00000
__Hbank8                                         bank8        00000
__Hbank9                                         bank9        00000
__Hbigram                                        bigram       00000
__HbssBANK0                                      bssBANK0     00000
__HbssBANK1                                      bssBANK1     00000
__HbssBANK3                                      bssBANK3     00000
__Hcinit                                         cinit        00059
__Hclrtext                                       clrtext      00000
__Hcode                                          code         00000
__Hcommon                                        common       00000
__Hconfig                                        config       08009
__HcstackBANK0                                   cstackBANK0  00000
__HcstackBANK1                                   cstackBANK1  00000
__HcstackCOMMON                                  cstackCOMMON 00000
__HdataBANK1                                     dataBANK1    00000
__HdataBANK3                                     dataBANK3    00000
__Heeprom_data                                   eeprom_data  00000
__Hend_init                                      end_init     00020
__Hfunctab                                       functab      00000
__HidataBANK1                                    idataBANK1   00000
__HidataBANK3                                    idataBANK3   00000
__Hidloc                                         idloc        00000
__Hinit                                          init         0001E
__Hinittext                                      inittext     00000
__Hintentry                                      intentry     0001E
__Hmaintext                                      maintext     00000
__Hpowerup                                       powerup      00000
__Hram                                           ram          00000
__Hreset_vec                                     reset_vec    00002
__Hsfr0                                          sfr0         00000
__Hsfr1                                          sfr1         00000
__Hsfr10                                         sfr10        00000
__Hsfr11                                         sfr11        00000
__Hsfr12                                         sfr12        00000
__Hsfr13                                         sfr13        00000
__Hsfr14                                         sfr14        00000
__Hsfr15                                         sfr15        00000
__Hsfr16                                         sfr16        00000
__Hsfr17                                         sfr17        00000
__Hsfr18                                         sfr18        00000
__Hsfr19                                         sfr19        00000
__Hsfr2                                          sfr2         00000
__Hsfr20                                         sfr20        00000
__Hsfr21                                         sfr21        00000
__Hsfr22                                         sfr22        00000
__Hsfr23                                         sfr23        00000
__Hsfr24                                         sfr24        00000
__Hsfr25                                         sfr25        00000
__Hsfr26                                         sfr26        00000
__Hsfr27                                         sfr27        00000
__Hsfr28                                         sfr28        00000
__Hsfr29                                         sfr29        00000
__Hsfr3                                          sfr3         00000
__Hsfr30                                         sfr30        00000
__Hsfr31                                         sfr31        00000
__Hsfr4                                          sfr4         00000
__Hsfr5                                          sfr5         00000
__Hsfr6                                          sfr6         00000
__Hsfr7                                          sfr7         00000
__Hsfr8                                          sfr8         00000
__Hsfr9                                          sfr9         00000
__Hspace_0                                       (abs)        08009
__Hspace_1                                       (abs)        001ED
__Hspace_2                                       (abs)        00000
__Hspace_3                                       (abs)        00000
__Hstack                                         stack        00000
__Hstrings                                       strings      00000
__Hstringtext                                    stringtext   00000
__Htext                                          text         00000
__Labs1                                          abs1         00000
__Lbank0                                         bank0        00000
__Lbank1                                         bank1        00000
__Lbank10                                        bank10       00000
__Lbank11                                        bank11       00000
__Lbank12                                        bank12       00000
__Lbank13                                        bank13       00000
__Lbank14                                        bank14       00000
__Lbank15                                        bank15       00000
__Lbank16                                        bank16       00000
__Lbank17                                        bank17       00000
__Lbank18                                        bank18       00000
__Lbank19                                        bank19       00000
__Lbank2                                         bank2        00000
__Lbank20                                        bank20       00000
__Lbank21                                        bank21       00000
__Lbank22                                        bank22       00000
__Lbank23                                        bank23       00000
__Lbank24                                        bank24       00000
__Lbank25                                        bank25       00000
__Lbank26                                        bank26       00000
__Lbank27                                        bank27       00000
__Lbank28                                        bank28       00000
__Lbank29                                        bank29       00000
__Lbank3                                         bank3        00000
__Lbank30                                        bank30       00000
__Lbank31                                        bank31       00000
__Lbank4                                         bank4        00000
__Lbank5                                         bank5        00000
__Lbank6                                         bank6        00000
__Lbank7                                         bank7        00000
__Lbank8                                         bank8        00000
__Lbank9                                         bank9        00000
__Lbigram                                        bigram       00000
__LbssBANK0                                      bssBANK0     00000
__LbssBANK1                                      bssBANK1     00000
__LbssBANK3                                      bssBANK3     00000
__Lcinit                                         cinit        00020
__Lclrtext                                       clrtext      00000
__Lcode                                          code         00000
__Lcommon                                        common       00000
__Lconfig                                        config       08007
__LcstackBANK0                                   cstackBANK0  00000
__LcstackBANK1                                   cstackBANK1  00000
__LcstackCOMMON                                  cstackCOMMON 00000
__LdataBANK1                                     dataBANK1    00000
__LdataBANK3                                     dataBANK3    00000
__Leeprom_data                                   eeprom_data  00000
__Lend_init                                      end_init     0001E
__Lfunctab                                       functab      00000
__LidataBANK1                                    idataBANK1   00000
__LidataBANK3                                    idataBANK3   00000
__Lidloc                                         idloc        00000
__Linit                                          init         0001E
__Linittext                                      inittext     00000
__Lintentry                                      intentry     00004
__Lmaintext                                      maintext     00000
__Lpowerup                                       powerup      00000
__Lram                                           ram          00000
__Lreset_vec                                     reset_vec    00000
__Lsfr0                                          sfr0         00000
__Lsfr1                                          sfr1         00000
__Lsfr10                                         sfr10        00000
__Lsfr11                                         sfr11        00000
__Lsfr12                                         sfr12        00000
__Lsfr13                                         sfr13        00000
__Lsfr14                                         sfr14        00000
__Lsfr15                                         sfr15        00000
__Lsfr16                                         sfr16        00000
__Lsfr17                                         sfr17        00000
__Lsfr18                                         sfr18        00000
__Lsfr19                                         sfr19        00000
__Lsfr2                                          sfr2         00000
__Lsfr20                                         sfr20        00000
__Lsfr21                                         sfr21        00000
__Lsfr22                                         sfr22        00000
__Lsfr23                                         sfr23        00000
__Lsfr24                                         sfr24        00000
__Lsfr25                                         sfr25        00000
__Lsfr26                                         sfr26        00000
__Lsfr27                                         sfr27        00000
__Lsfr28                                         sfr28        00000
__Lsfr29                                         sfr29        00000
__Lsfr3                                          sfr3         00000
__Lsfr30                                         sfr30        00000
__Lsfr31                                         sfr31        00000
__Lsfr4                                          sfr4         00000
__Lsfr5                                          sfr5         00000
__Lsfr6                                          sfr6         00000
__Lsfr7                                          sfr7         00000
__Lsfr8                                          sfr8         00000
__Lsfr9                                          sfr9         00000
__Lspace_0                                       (abs)        00000
__Lspace_1                                       (abs)        00000
__Lspace_2                                       (abs)        00000
__Lspace_3                                       (abs)        00000
__Lstack                                         stack        00000
__Lstrings                                       strings      00000
__Lstringtext                                    stringtext   00000
__Ltext                                          text         00000
__S0                                             (abs)        08009
__S1                                             (abs)        001ED
__S2                                             (abs)        00000
___bmul                                          text14       0098C
___bmul@multiplicand                             cstackBANK1  000A0
___bmul@multiplier                               cstackBANK1  000A3
___bmul@product                                  cstackBANK1  000A2
___int_sp                                        stack        00000
___latbits                                       (abs)        00002
___llmod                                         text20       00B4F
___llmod@counter                                 cstackBANK1  000A9
___llmod@dividend                                cstackBANK1  000A4
___llmod@divisor                                 cstackBANK1  000A0
___lwdiv                                         text17       00B1A
___lwdiv@counter                                 cstackBANK1  000A7
___lwdiv@dividend                                cstackBANK1  000A2
___lwdiv@divisor                                 cstackBANK1  000A0
___lwdiv@quotient                                cstackBANK1  000A5
___lwmod                                         text16       00A89
___lwmod@counter                                 cstackBANK1  000AD
___lwmod@dividend                                cstackBANK1  000AA
___lwmod@divisor                                 cstackBANK1  000A8
___sp                                            stack        00000
___wmul                                          text4        00A26
___wmul@multiplicand                             cstackBANK1  000A2
___wmul@multiplier                               cstackBANK1  000A0
___wmul@product                                  cstackBANK1  000A4
__end_of___bmul                                  text14       0099E
__end_of___llmod                                 text20       00B92
__end_of___lwdiv                                 text17       00B4F
__end_of___lwmod                                 text16       00AB6
__end_of___wmul                                  text4        00A42
__end_of__initialization                         cinit        00055
__end_of_cdc_data_string                         stringtext   006B9
__end_of_cdc_interface_string                    stringtext   006F9
__end_of_clear_ep0_stall                         text34       008F8
__end_of_configuration_1                         stringtext   00663
__end_of_dpowers                                 stringtext   0061D
__end_of_gpio_init                               text19       00949
__end_of_handle_ep0_in                           text38       00E18
__end_of_handle_ep0_out                          text35       00C82
__end_of_handle_ep0_setup                        text28       00B1A
__end_of_handle_standard_control_request         text29       0033C
__end_of_isr                                     intentry     0001E
__end_of_main                                    maintext     00E96
__end_of_memset                                  text5        00800
__end_of_oscillator_init                         text18       008FF
__end_of_pic16_linear_addr                       text3        00C28
__end_of_printf                                  text8        007E7
__end_of_product_string                          stringtext   00693
__end_of_putch                                   text9        00CDF
__end_of_reset_bd0_out                           text27       0090F
__end_of_reset_ep0_data_stage                    text2        0092F
__end_of_send_zero_length_packet_ep0             text37       00907
__end_of_serial_number                           stringtext   006DD
__end_of_stall_ep0                               text36       00919
__end_of_stall_ep_in                             text33       00AE5
__end_of_stall_ep_out                            text32       00A60
__end_of_start_control_return                    text31       00F1D
__end_of_str00                                   stringtext   0072B
__end_of_thermometer_init                        text7        00A0B
__end_of_this_device_descriptor                  stringtext   00727
__end_of_timer_init                              text6        0098C
__end_of_usb_application_get_string              text30       00DA5
__end_of_usb_get_configuration                   text15       008EC
__end_of_usb_get_in_buffer                       text13       009C4
__end_of_usb_in_endpoint_busy                    text12       009B0
__end_of_usb_in_endpoint_halted                  text11       0097B
__end_of_usb_init                                text1        004AE
__end_of_usb_send_in_buffer                      text10       00D41
__end_of_usb_send_in_buffer_0                    text40       00A89
__end_of_usb_service                             text22       01000
__end_of_vendor_string                           stringtext   00715
__end_ofi1___bmul                                text42       0096A
__end_ofi1___wmul                                text25       00A26
__end_ofi1_memset                                text26       009F3
__end_ofi1_pic16_linear_addr                     text24       00BDD
__end_ofi1_reset_ep0_data_stage                  text39       00924
__end_ofi1_usb_in_endpoint_halted                text41       00959
__end_ofi1_usb_init                              text23       00613
__initialization                                 cinit        00020
__pbssBANK0                                      bssBANK0     0006C
__pbssBANK1                                      bssBANK1     000C2
__pbssBANK3                                      bssBANK3     001E2
__pcstackBANK0                                   cstackBANK0  00038
__pcstackBANK1                                   cstackBANK1  000A0
__pcstackCOMMON                                  cstackCOMMON 00070
__pdataBANK1                                     dataBANK1    000CB
__pdataBANK3                                     dataBANK3    001CB
__pidataBANK1                                    idataBANK1   008EC
__pidataBANK3                                    idataBANK3   009C4
__pintentry                                      intentry     00004
__pmaintext                                      maintext     00E18
__pstringtext                                    stringtext   00613
__ptext1                                         text1        0033C
__ptext10                                        text10       00CDF
__ptext11                                        text11       0096A
__ptext12                                        text12       0099E
__ptext13                                        text13       009B0
__ptext14                                        text14       0098C
__ptext15                                        text15       008E9
__ptext16                                        text16       00A89
__ptext17                                        text17       00B1A
__ptext18                                        text18       008F8
__ptext19                                        text19       0093B
__ptext2                                         text2        00924
__ptext20                                        text20       00B4F
__ptext22                                        text22       00F1D
__ptext23                                        text23       004AE
__ptext24                                        text24       00B92
__ptext25                                        text25       00A0B
__ptext26                                        text26       009DB
__ptext27                                        text27       00907
__ptext28                                        text28       00AE5
__ptext29                                        text29       00059
__ptext3                                         text3        00BDD
__ptext30                                        text30       00D41
__ptext31                                        text31       00E96
__ptext32                                        text32       00A42
__ptext33                                        text33       00AB6
__ptext34                                        text34       008F1
__ptext35                                        text35       00C28
__ptext36                                        text36       0090F
__ptext37                                        text37       008FF
__ptext38                                        text38       00DA5
__ptext39                                        text39       00919
__ptext4                                         text4        00A26
__ptext40                                        text40       00A60
__ptext41                                        text41       00949
__ptext42                                        text42       00959
__ptext5                                         text5        007E7
__ptext6                                         text6        0097B
__ptext7                                         text7        009F3
__ptext8                                         text8        0072F
__ptext9                                         text9        00C82
__size_of___bmul                                 (abs)        00000
__size_of___llmod                                (abs)        00000
__size_of___lwdiv                                (abs)        00000
__size_of___lwmod                                (abs)        00000
__size_of___wmul                                 (abs)        00000
__size_of_clear_ep0_stall                        (abs)        00000
__size_of_gpio_init                              (abs)        00000
__size_of_handle_ep0_in                          (abs)        00000
__size_of_handle_ep0_out                         (abs)        00000
__size_of_handle_ep0_setup                       (abs)        00000
__size_of_handle_standard_control_request        (abs)        00000
__size_of_isr                                    (abs)        00000
__size_of_main                                   (abs)        00000
__size_of_memset                                 (abs)        00000
__size_of_oscillator_init                        (abs)        00000
__size_of_pic16_linear_addr                      (abs)        00000
__size_of_printf                                 (abs)        00000
__size_of_putch                                  (abs)        00000
__size_of_reset_bd0_out                          (abs)        00000
__size_of_reset_ep0_data_stage                   (abs)        00000
__size_of_send_zero_length_packet_ep0            (abs)        00000
__size_of_stall_ep0                              (abs)        00000
__size_of_stall_ep_in                            (abs)        00000
__size_of_stall_ep_out                           (abs)        00000
__size_of_start_control_return                   (abs)        00000
__size_of_thermometer_init                       (abs)        00000
__size_of_timer_init                             (abs)        00000
__size_of_usb_application_get_string             (abs)        00000
__size_of_usb_get_configuration                  (abs)        00000
__size_of_usb_get_in_buffer                      (abs)        00000
__size_of_usb_in_endpoint_busy                   (abs)        00000
__size_of_usb_in_endpoint_halted                 (abs)        00000
__size_of_usb_init                               (abs)        00000
__size_of_usb_send_in_buffer                     (abs)        00000
__size_of_usb_send_in_buffer_0                   (abs)        00000
__size_of_usb_service                            (abs)        00000
__size_ofi1___bmul                               (abs)        00000
__size_ofi1___wmul                               (abs)        00000
__size_ofi1_memset                               (abs)        00000
__size_ofi1_pic16_linear_addr                    (abs)        00000
__size_ofi1_reset_ep0_data_stage                 (abs)        00000
__size_ofi1_usb_in_endpoint_halted               (abs)        00000
__size_ofi1_usb_init                             (abs)        00000
_addr                                            bssBANK1     000C6
_addr_pending                                    bssBANK1     000C7
_bds                                             (abs)        00020
_cdc_data_string                                 stringtext   00693
_cdc_interface_string                            stringtext   006DD
_clear_ep0_stall                                 text34       008F1
_configuration_1                                 stringtext   0061D
_control_need_zlp                                bssBANK1     000C8
_dpowers                                         stringtext   00613
_ep0_buf                                         dataBANK1    000CB
_ep0_data_stage_buf_remaining                    bssBANK0     0006C
_ep0_data_stage_callback                         bssBANK1     000C2
_ep0_data_stage_context                          bssBANK3     001EA
_ep0_data_stage_direc                            bssBANK1     000C9
_ep0_data_stage_in_buffer                        bssBANK3     001E6
_ep0_data_stage_out_buffer                       bssBANK0     0006E
_ep_buf                                          dataBANK3    001CB
_ep_buffers                                      (abs)        02080
_g_configuration                                 bssBANK0     0006F
_gpio_init                                       text19       0093B
_handle_ep0_in                                   text38       00DA5
_handle_ep0_in$1020                              cstackBANK0  00038
_handle_ep0_out                                  text35       00C28
_handle_ep0_out$1016                             cstackCOMMON 00073
_handle_ep0_setup                                text28       00AE5
_handle_standard_control_request                 text29       00059
_handle_standard_control_request$986             cstackBANK0  0004C
_isr                                             intentry     00004
_main                                            maintext     00E18
_memset                                          text5        007E7
_millis                                          bssBANK3     001E2
_oscillator_init                                 text18       008F8
_pic16_linear_addr                               text3        00BDD
_printf                                          text8        0072F
_product_string                                  stringtext   00663
_putch                                           text9        00C82
_reset_bd0_out                                   text27       00907
_reset_ep0_data_stage                            text2        00924
_returning_short                                 bssBANK1     000CA
_send_zero_length_packet_ep0                     text37       008FF
_serial_number                                   stringtext   006B9
_stall_ep0                                       text36       0090F
_stall_ep_in                                     text33       00AB6
_stall_ep_out                                    text32       00A42
_start_control_return                            text31       00E96
_start_control_return$944                        cstackBANK0  0003E
_start_control_return$945                        cstackBANK0  00040
_start_control_return$946                        cstackBANK0  00042
_str00                                           stringtext   00727
_tempADC                                         bssBANK3     001E8
_thermometer_init                                text7        009F3
_this_device_descriptor                          stringtext   00715
_timer_init                                      text6        0097B
_usb_application_config_descs                    dataBANK3    001E0
_usb_application_get_string                      text30       00D41
_usb_get_configuration                           text15       008E9
_usb_get_in_buffer                               text13       009B0
_usb_in_endpoint_busy                            text12       0099E
_usb_in_endpoint_halted                          text11       0096A
_usb_init                                        text1        0033C
_usb_send_in_buffer                              text10       00CDF
_usb_send_in_buffer_0                            text40       00A60
_usb_service                                     text22       00F1D
_vendor_string                                   stringtext   006F9
btemp                                            (abs)        0007E
end_of_initialization                            cinit        00055
handle_ep0_in@bytes_to_send                      cstackBANK0  0003A
handle_ep0_out@bytes_to_copy                     cstackCOMMON 00076
handle_ep0_out@pkt_len                           cstackCOMMON 00075
handle_ep0_setup@res                             cstackBANK0  00060
handle_ep0_setup@setup                           cstackBANK0  00061
handle_standard_control_request@desc             cstackBANK0  00052
handle_standard_control_request@desc_975         cstackBANK0  0005B
handle_standard_control_request@descriptor       cstackBANK0  00059
handle_standard_control_request@descriptor_index cstackBANK0  0005A
handle_standard_control_request@ep_dir           cstackBANK0  00058
handle_standard_control_request@ep_num           cstackBANK0  00056
handle_standard_control_request@ep_num_989       cstackBANK0  0005D
handle_standard_control_request@flags            cstackBANK0  00057
handle_standard_control_request@len              cstackBANK0  00054
handle_standard_control_request@req              cstackBANK0  0004E
handle_standard_control_request@res              cstackBANK0  00050
handle_standard_control_request@ret              cstackBANK0  00048
handle_standard_control_request@ret_985          cstackBANK0  0004A
handle_standard_control_request@ret_987          cstackBANK0  0004F
handle_standard_control_request@setup            cstackBANK0  0005E
handle_standard_control_request@stall            cstackBANK0  00051
i1___bmul                                        text42       00959
i1___bmul@multiplicand                           cstackCOMMON 00070
i1___bmul@multiplier                             cstackCOMMON 00072
i1___bmul@product                                cstackCOMMON 00073
i1___wmul                                        text25       00A0B
i1___wmul@multiplicand                           cstackCOMMON 00072
i1___wmul@multiplier                             cstackCOMMON 00070
i1___wmul@product                                cstackCOMMON 00074
i1_memset                                        text26       009DB
i1_pic16_linear_addr                             text24       00B92
i1_reset_ep0_data_stage                          text39       00919
i1_usb_in_endpoint_halted                        text41       00949
i1_usb_init                                      text23       004AE
i1memset@c                                       cstackCOMMON 00072
i1memset@n                                       cstackCOMMON 00074
i1memset@p                                       cstackCOMMON 00076
i1memset@p1                                      cstackCOMMON 00070
i1pic16_linear_addr@addr                         cstackCOMMON 0007A
i1pic16_linear_addr@high                         cstackCOMMON 00078
i1pic16_linear_addr@low                          cstackCOMMON 00079
i1pic16_linear_addr@ptr                          cstackCOMMON 00076
i1usb_in_endpoint_halted@endpoint                cstackCOMMON 00075
i1usb_init@ep                                    cstackBANK0  00045
i1usb_init@i                                     cstackBANK0  00047
init_ram                                         inittext     0092F
int$flags                                        (abs)        0007E
intlevel0                                        functab      00000
intlevel1                                        functab      00000
intlevel2                                        functab      00000
intlevel3                                        functab      00000
intlevel4                                        functab      00000
intlevel5                                        functab      00000
ltemp                                            (abs)        0007E
ltemp0                                           (abs)        0007E
ltemp1                                           (abs)        00082
ltemp2                                           (abs)        00086
ltemp3                                           (abs)        00080
memset@c                                         cstackBANK1  000A2
memset@n                                         cstackBANK1  000A4
memset@p                                         cstackBANK1  000A6
memset@p1                                        cstackBANK1  000A0
pic16_linear_addr@addr                           cstackBANK1  000B4
pic16_linear_addr@high                           cstackBANK1  000B2
pic16_linear_addr@low                            cstackBANK1  000B3
pic16_linear_addr@ptr                            cstackBANK1  000A6
printf@ap                                        cstackBANK1  000BA
printf@c                                         cstackBANK1  000BF
printf@f                                         cstackBANK1  000B2
printf@flag                                      cstackBANK1  000BB
printf@prec                                      cstackBANK1  000BC
printf@val                                       cstackBANK1  000BD
putch@data                                       cstackBANK1  000B1
putch@index                                      bssBANK1     000C4
putch@printBuf                                   cstackBANK1  000AF
reset_vec                                        reset_vec    00000
stackhi                                          (abs)        023EF
stacklo                                          (abs)        0213D
stall_ep_in@ep                                   cstackCOMMON 00077
stall_ep_out@ep                                  cstackCOMMON 00072
start                                            init         0001E
start_control_return@bytes_asked_for             cstackBANK0  0003C
start_control_return@bytes_to_send               cstackBANK0  00044
start_control_return@len                         cstackBANK0  0003A
start_control_return@ptr                         cstackBANK0  00038
start_initialization                             cinit        00020
ttemp                                            (abs)        0007E
ttemp0                                           (abs)        0007E
ttemp1                                           (abs)        00081
ttemp2                                           (abs)        00084
ttemp3                                           (abs)        00087
ttemp4                                           (abs)        0007F
usb_application_get_string@ptr                   cstackCOMMON 00070
usb_application_get_string@string_number         cstackCOMMON 00073
usb_get_in_buffer@endpoint                       cstackBANK1  000A7
usb_in_endpoint_busy@endpoint                    cstackBANK1  000A1
usb_in_endpoint_halted@endpoint                  cstackBANK1  000A5
usb_init@ep                                      cstackBANK1  000B9
usb_init@i                                       cstackBANK1  000BB
usb_send_in_buffer@bd                            cstackBANK1  000AC
usb_send_in_buffer@endpoint                      cstackBANK1  000AB
usb_send_in_buffer@len                           cstackBANK1  000A6
usb_send_in_buffer@pid                           cstackBANK1  000AA
usb_send_in_buffer_0@len                         cstackCOMMON 00076
usb_send_in_buffer_0@pid                         cstackCOMMON 00079
usb_service@ep                                   cstackBANK0  00067
usb_service@i                                    cstackBANK0  00069
usb_service@pid                                  cstackBANK0  0006B
wtemp                                            (abs)        0007E
wtemp0                                           (abs)        0007E
wtemp1                                           (abs)        00080
wtemp2                                           (abs)        00082
wtemp3                                           (abs)        00084
wtemp4                                           (abs)        00086
wtemp5                                           (abs)        00088
wtemp6                                           (abs)        0007F


FUNCTION INFORMATION:

 *************** function _main *****************
 Defined at:
		line 41 in file "main.c"
 Parameters:    Size  Location     Type
		None
 Auto vars:     Size  Location     Type
		None
 Return value:  Size  Location     Type
                  1    wreg      void 
 Registers used:
		wreg, fsr0l, fsr0h, fsr1l, fsr1h, status,2, status,0, pclath, cstack
 Tracked objects:
		On entry : 
		On exit  : 
		Unchanged: 
 Data sizes:     COMMON   BANK0   BANK1   BANK2   BANK3   BANK4   BANK5   BANK6   BANK7   BANK8   BANK9  BANK10  BANK11  BANK12
      Params:         0       0       0       0       0       0       0       0       0       0       0       0       0       0
      Locals:         0       0       0       0       0       0       0       0       0       0       0       0       0       0
      Temps:          0       0       2       0       0       0       0       0       0       0       0       0       0       0
      Totals:         0       0       2       0       0       0       0       0       0       0       0       0       0       0
Total ram usage:        2 bytes
 Hardware stack levels required when called:   13
 This function calls:
		___llmod
		_gpio_init
		_oscillator_init
		_printf
		_thermometer_init
		_timer_init
		_usb_init
 This function is called by:
		Startup code after reset
 This function uses a non-reentrant model


 *************** function _usb_init *****************
 Defined at:
		line 487 in file "usb.c"
 Parameters:    Size  Location     Type
		None
 Auto vars:     Size  Location     Type
  ep              2   25[BANK1 ] PTR volatile struct .
		 -> UEP0(1), 
  i               1   27[BANK1 ] unsigned char 
 Return value:  Size  Location     Type
                  1    wreg      void 
 Registers used:
		wreg, fsr1l, fsr1h, status,2, status,0, pclath, cstack
 Tracked objects:
		On entry : 
		On exit  : 
		Unchanged: 
 Data sizes:     COMMON   BANK0   BANK1   BANK2   BANK3   BANK4   BANK5   BANK6   BANK7   BANK8   BANK9  BANK10  BANK11  BANK12
      Params:         0       0       0       0       0       0       0       0       0       0       0       0       0       0
      Locals:         0       0       3       0       0       0       0       0       0       0       0       0       0       0
      Temps:          0       0       3       0       0       0       0       0       0       0       0       0       0       0
      Totals:         0       0       6       0       0       0       0       0       0       0       0       0       0       0
Total ram usage:        6 bytes
 Hardware stack levels used:    1
 Hardware stack levels required when called:   10
 This function calls:
		___bmul
		_memset
		_pic16_linear_addr
		_reset_ep0_data_stage
 This function is called by:
		_main
 This function uses a non-reentrant model


 *************** function _reset_ep0_data_stage *****************
 Defined at:
		line 467 in file "usb.c"
 Parameters:    Size  Location     Type
		None
 Auto vars:     Size  Location     Type
		None
 Return value:  Size  Location     Type
                  1    wreg      void 
 Registers used:
		status,2
 Tracked objects:
		On entry : 
		On exit  : 
		Unchanged: 
 Data sizes:     COMMON   BANK0   BANK1   BANK2   BANK3   BANK4   BANK5   BANK6   BANK7   BANK8   BANK9  BANK10  BANK11  BANK12
      Params:         0       0       0       0       0       0       0       0       0       0       0       0       0       0
      Locals:         0       0       0       0       0       0       0       0       0       0       0       0       0       0
      Temps:          0       0       0       0       0       0       0       0       0       0       0       0       0       0
      Totals:         0       0       0       0       0       0       0       0       0       0       0       0       0       0
Total ram usage:        0 bytes
 Hardware stack levels used:    1
 Hardware stack levels required when called:    8
 This function calls:
		Nothing
 This function is called by:
		_usb_init
		_usb_start_receive_ep0_data_stage
 This function uses a non-reentrant model


 *************** function _pic16_linear_addr *****************
 Defined at:
		line 449 in file "usb.c"
 Parameters:    Size  Location     Type
  ptr             2    6[BANK1 ] PTR void 
		 -> NULL(0), ep_buffers(155), 
 Auto vars:     Size  Location     Type
  addr            2   20[BANK1 ] unsigned int 
  low             1   19[BANK1 ] unsigned char 
  high            1   18[BANK1 ] unsigned char 
 Return value:  Size  Location     Type
                  2    6[BANK1 ] unsigned int 
 Registers used:
		wreg, status,2, status,0, pclath, cstack
 Tracked objects:
		On entry : 
		On exit  : 
		Unchanged: 
 Data sizes:     COMMON   BANK0   BANK1   BANK2   BANK3   BANK4   BANK5   BANK6   BANK7   BANK8   BANK9  BANK10  BANK11  BANK12
      Params:         0       0       2       0       0       0       0       0       0       0       0       0       0       0
      Locals:         0       0       4       0       0       0       0       0       0       0       0       0       0       0
      Temps:          0       0      10       0       0       0       0       0       0       0       0       0       0       0
      Totals:         0       0      16       0       0       0       0       0       0       0       0       0       0       0
Total ram usage:       16 bytes
 Hardware stack levels used:    1
 Hardware stack levels required when called:    9
 This function calls:
		___wmul
 This function is called by:
		_usb_init
 This function uses a non-reentrant model


 *************** function ___wmul *****************
 Defined at:
		line 15 in file "C:\Program Files (x86)\Microchip\xc8\v1.38\sources\common\Umul16.c"
 Parameters:    Size  Location     Type
  multiplier      2    0[BANK1 ] unsigned int 
  multiplicand    2    2[BANK1 ] unsigned int 
 Auto vars:     Size  Location     Type
  product         2    4[BANK1 ] unsigned int 
 Return value:  Size  Location     Type
                  2    0[BANK1 ] unsigned int 
 Registers used:
		wreg, status,2, status,0
 Tracked objects:
		On entry : 
		On exit  : 
		Unchanged: 
 Data sizes:     COMMON   BANK0   BANK1   BANK2   BANK3   BANK4   BANK5   BANK6   BANK7   BANK8   BANK9  BANK10  BANK11  BANK12
      Params:         0       0       4       0       0       0       0       0       0       0       0       0       0       0
      Locals:         0       0       2       0       0       0       0       0       0       0       0       0       0       0
      Temps:          0       0       0       0       0       0       0       0       0       0       0       0       0       0
      Totals:         0       0       6       0       0       0       0       0       0       0       0       0       0       0
Total ram usage:        6 bytes
 Hardware stack levels used:    1
 Hardware stack levels required when called:    8
 This function calls:
		Nothing
 This function is called by:
		_pic16_linear_addr
 This function uses a non-reentrant model


 *************** function _memset *****************
 Defined at:
		line 8 in file "C:\Program Files (x86)\Microchip\xc8\v1.38\sources\common\memset.c"
 Parameters:    Size  Location     Type
  p1              2    0[BANK1 ] PTR void 
		 -> bds(24), UEP0(1), 
  c               2    2[BANK1 ] int 
  n               2    4[BANK1 ] unsigned int 
 Auto vars:     Size  Location     Type
  p               2    6[BANK1 ] PTR unsigned char 
		 -> bds(24), UEP0(1), 
 Return value:  Size  Location     Type
                  2    0[BANK1 ] PTR void 
 Registers used:
		wreg, fsr1l, fsr1h, status,2, status,0
 Tracked objects:
		On entry : 
		On exit  : 
		Unchanged: 
 Data sizes:     COMMON   BANK0   BANK1   BANK2   BANK3   BANK4   BANK5   BANK6   BANK7   BANK8   BANK9  BANK10  BANK11  BANK12
      Params:         0       0       6       0       0       0       0       0       0       0       0       0       0       0
      Locals:         0       0       2       0       0       0       0       0       0       0       0       0       0       0
      Temps:          0       0       0       0       0       0       0       0       0       0       0       0       0       0
      Totals:         0       0       8       0       0       0       0       0       0       0       0       0       0       0
Total ram usage:        8 bytes
 Hardware stack levels used:    1
 Hardware stack levels required when called:    8
 This function calls:
		Nothing
 This function is called by:
		_usb_init
 This function uses a non-reentrant model


 *************** function _timer_init *****************
 Defined at:
		line 116 in file "main.c"
 Parameters:    Size  Location     Type
		None
 Auto vars:     Size  Location     Type
		None
 Return value:  Size  Location     Type
                  1    wreg      void 
 Registers used:
		wreg, status,2, status,0
 Tracked objects:
		On entry : 
		On exit  : 
		Unchanged: 
 Data sizes:     COMMON   BANK0   BANK1   BANK2   BANK3   BANK4   BANK5   BANK6   BANK7   BANK8   BANK9  BANK10  BANK11  BANK12
      Params:         0       0       0       0       0       0       0       0       0       0       0       0       0       0
      Locals:         0       0       0       0       0       0       0       0       0       0       0       0       0       0
      Temps:          0       0       1       0       0       0       0       0       0       0       0       0       0       0
      Totals:         0       0       1       0       0       0       0       0       0       0       0       0       0       0
Total ram usage:        1 bytes
 Hardware stack levels used:    1
 Hardware stack levels required when called:    8
 This function calls:
		Nothing
 This function is called by:
		_main
 This function uses a non-reentrant model


 *************** function _thermometer_init *****************
 Defined at:
		line 94 in file "main.c"
 Parameters:    Size  Location     Type
		None
 Auto vars:     Size  Location     Type
		None
 Return value:  Size  Location     Type
                  1    wreg      void 
 Registers used:
		wreg, status,2, status,0
 Tracked objects:
		On entry : 
		On exit  : 
		Unchanged: 
 Data sizes:     COMMON   BANK0   BANK1   BANK2   BANK3   BANK4   BANK5   BANK6   BANK7   BANK8   BANK9  BANK10  BANK11  BANK12
      Params:         0       0       0       0       0       0       0       0       0       0       0       0       0       0
      Locals:         0       0       0       0       0       0       0       0       0       0       0       0       0       0
      Temps:          0       0       2       0       0       0       0       0       0       0       0       0       0       0
      Totals:         0       0       2       0       0       0       0       0       0       0       0       0       0       0
Total ram usage:        2 bytes
 Hardware stack levels used:    1
 Hardware stack levels required when called:    8
 This function calls:
		Nothing
 This function is called by:
		_main
 This function uses a non-reentrant model


 *************** function _printf *****************
 Defined at:
[...]
      Locals:         0       7       0       0       0       0       0       0       0       0       0       0       0       0
      Temps:          2       0       0       0       0       0       0       0       0       0       0       0       0       0
      Totals:         2      13       0       0       0       0       0       0       0       0       0       0       0       0
Total ram usage:       15 bytes
 Hardware stack levels used:    1
 Hardware stack levels required when called:    3
 This function calls:
		_usb_send_in_buffer_0
 This function is called by:
		_handle_standard_control_request
		_usb_send_data_stage
 This function uses a non-reentrant model


 *************** function _stall_ep_out *****************
 Defined at:
		line 716 in file "usb.c"
 Parameters:    Size  Location     Type
  ep              1    wreg     unsigned char 
 Auto vars:     Size  Location     Type
  ep              1    2[COMMON] unsigned char 
 Return value:  Size  Location     Type
                  1    wreg      void 
 Registers used:
		wreg, fsr1l, fsr1h, status,2, status,0
 Tracked objects:
		On entry : 
		On exit  : 
		Unchanged: 
 Data sizes:     COMMON   BANK0   BANK1   BANK2   BANK3   BANK4   BANK5   BANK6   BANK7   BANK8   BANK9  BANK10  BANK11  BANK12
      Params:         0       0       0       0       0       0       0       0       0       0       0       0       0       0
      Locals:         1       0       0       0       0       0       0       0       0       0       0       0       0       0
      Temps:          2       0       0       0       0       0       0       0       0       0       0       0       0       0
      Totals:         3       0       0       0       0       0       0       0       0       0       0       0       0       0
Total ram usage:        3 bytes
 Hardware stack levels used:    1
 This function calls:
		Nothing
 This function is called by:
		_handle_standard_control_request
		_usb_service
 This function uses a non-reentrant model


 *************** function _stall_ep_in *****************
 Defined at:
		line 705 in file "usb.c"
 Parameters:    Size  Location     Type
  ep              1    wreg     unsigned char 
 Auto vars:     Size  Location     Type
  ep              1    7[COMMON] unsigned char 
 Return value:  Size  Location     Type
                  1    wreg      void 
 Registers used:
		wreg, fsr1l, fsr1h, status,2, status,0, pclath, cstack
 Tracked objects:
		On entry : 
		On exit  : 
		Unchanged: 
 Data sizes:     COMMON   BANK0   BANK1   BANK2   BANK3   BANK4   BANK5   BANK6   BANK7   BANK8   BANK9  BANK10  BANK11  BANK12
      Params:         0       0       0       0       0       0       0       0       0       0       0       0       0       0
      Locals:         1       0       0       0       0       0       0       0       0       0       0       0       0       0
      Temps:          3       0       0       0       0       0       0       0       0       0       0       0       0       0
      Totals:         4       0       0       0       0       0       0       0       0       0       0       0       0       0
Total ram usage:        4 bytes
 Hardware stack levels used:    1
 Hardware stack levels required when called:    1
 This function calls:
		i1___bmul
 This function is called by:
		_handle_standard_control_request
		_usb_service
 This function uses a non-reentrant model


 *************** function _clear_ep0_stall *****************
 Defined at:
		line 691 in file "usb.c"
 Parameters:    Size  Location     Type
		None
 Auto vars:     Size  Location     Type
		None
 Return value:  Size  Location     Type
                  1    wreg      void 
 Registers used:
		wreg, status,2
 Tracked objects:
		On entry : 
		On exit  : 
		Unchanged: 
 Data sizes:     COMMON   BANK0   BANK1   BANK2   BANK3   BANK4   BANK5   BANK6   BANK7   BANK8   BANK9  BANK10  BANK11  BANK12
      Params:         0       0       0       0       0       0       0       0       0       0       0       0       0       0
      Locals:         0       0       0       0       0       0       0       0       0       0       0       0       0       0
      Temps:          1       0       0       0       0       0       0       0       0       0       0       0       0       0
      Totals:         1       0       0       0       0       0       0       0       0       0       0       0       0       0
Total ram usage:        1 bytes
 Hardware stack levels used:    1
 This function calls:
		Nothing
 This function is called by:
		_handle_ep0_setup
 This function uses a non-reentrant model


 *************** function _handle_ep0_out *****************
 Defined at:
		line 1207 in file "usb.c"
 Parameters:    Size  Location     Type
		None
 Auto vars:     Size  Location     Type
  bytes_to_cop    1    6[COMMON] unsigned char 
  pkt_len         1    5[COMMON] unsigned char 
 Return value:  Size  Location     Type
                  1    wreg      void 
 Registers used:
		wreg, fsr0l, fsr0h, fsr1l, fsr1h, status,2, status,0, pclath, cstack
 Tracked objects:
		On entry : 
		On exit  : 
		Unchanged: 
 Data sizes:     COMMON   BANK0   BANK1   BANK2   BANK3   BANK4   BANK5   BANK6   BANK7   BANK8   BANK9  BANK10  BANK11  BANK12
      Params:         0       0       0       0       0       0       0       0       0       0       0       0       0       0
      Locals:         4       0       0       0       0       0       0       0       0       0       0       0       0       0
      Temps:          2       0       0       0       0       0       0       0       0       0       0       0       0       0
      Totals:         6       0       0       0       0       0       0       0       0       0       0       0       0       0
Total ram usage:        6 bytes
 Hardware stack levels used:    1
 Hardware stack levels required when called:    1
 This function calls:
		_send_zero_length_packet_ep0
		_stall_ep0
		i1_reset_ep0_data_stage
 This function is called by:
		_usb_service
 This function uses a non-reentrant model


 *************** function _stall_ep0 *****************
 Defined at:
		line 678 in file "usb.c"
 Parameters:    Size  Location     Type
		None
 Auto vars:     Size  Location     Type
		None
 Return value:  Size  Location     Type
                  1    wreg      void 
 Registers used:
		wreg
 Tracked objects:
		On entry : 
		On exit  : 
		Unchanged: 
 Data sizes:     COMMON   BANK0   BANK1   BANK2   BANK3   BANK4   BANK5   BANK6   BANK7   BANK8   BANK9  BANK10  BANK11  BANK12
      Params:         0       0       0       0       0       0       0       0       0       0       0       0       0       0
      Locals:         0       0       0       0       0       0       0       0       0       0       0       0       0       0
      Temps:          1       0       0       0       0       0       0       0       0       0       0       0       0       0
      Totals:         1       0       0       0       0       0       0       0       0       0       0       0       0       0
Total ram usage:        1 bytes
 Hardware stack levels used:    1
 This function calls:
		Nothing
 This function is called by:
		_handle_standard_control_request
		_handle_ep0_setup
		_handle_ep0_out
		_usb_service
 This function uses a non-reentrant model


 *************** function _send_zero_length_packet_ep0 *****************
 Defined at:
		line 727 in file "usb.c"
 Parameters:    Size  Location     Type
		None
 Auto vars:     Size  Location     Type
		None
 Return value:  Size  Location     Type
                  1    wreg      void 
 Registers used:
		wreg, status,2
 Tracked objects:
		On entry : 
		On exit  : 
		Unchanged: 
 Data sizes:     COMMON   BANK0   BANK1   BANK2   BANK3   BANK4   BANK5   BANK6   BANK7   BANK8   BANK9  BANK10  BANK11  BANK12
      Params:         0       0       0       0       0       0       0       0       0       0       0       0       0       0
      Locals:         0       0       0       0       0       0       0       0       0       0       0       0       0       0
      Temps:          1       0       0       0       0       0       0       0       0       0       0       0       0       0
      Totals:         1       0       0       0       0       0       0       0       0       0       0       0       0       0
Total ram usage:        1 bytes
 Hardware stack levels used:    1
 This function calls:
		Nothing
 This function is called by:
		_handle_standard_control_request
		_handle_ep0_out
 This function uses a non-reentrant model


 *************** function _handle_ep0_in *****************
 Defined at:
		line 1269 in file "usb.c"
 Parameters:    Size  Location     Type
		None
 Auto vars:     Size  Location     Type
  bytes_to_sen    1    2[BANK0 ] unsigned char 
 Return value:  Size  Location     Type
                  1    wreg      void 
 Registers used:
		wreg, fsr0l, fsr0h, fsr1l, fsr1h, status,2, status,0, pclath, cstack
 Tracked objects:
		On entry : 
		On exit  : 
		Unchanged: 
 Data sizes:     COMMON   BANK0   BANK1   BANK2   BANK3   BANK4   BANK5   BANK6   BANK7   BANK8   BANK9  BANK10  BANK11  BANK12
      Params:         0       0       0       0       0       0       0       0       0       0       0       0       0       0
      Locals:         0       3       0       0       0       0       0       0       0       0       0       0       0       0
      Temps:          2       0       0       0       0       0       0       0       0       0       0       0       0       0
      Totals:         2       3       0       0       0       0       0       0       0       0       0       0       0       0
Total ram usage:        5 bytes
 Hardware stack levels used:    1
 Hardware stack levels required when called:    3
 This function calls:
		_usb_send_in_buffer_0
		i1_reset_ep0_data_stage
 This function is called by:
		_usb_service
 This function uses a non-reentrant model


 *************** function i1_reset_ep0_data_stage *****************
 Defined at:
		line 467 in file "usb.c"
 Parameters:    Size  Location     Type
		None
 Auto vars:     Size  Location     Type
		None
 Return value:  Size  Location     Type
                  1    wreg      void 
 Registers used:
		status,2
 Tracked objects:
		On entry : 
		On exit  : 
		Unchanged: 
 Data sizes:     COMMON   BANK0   BANK1   BANK2   BANK3   BANK4   BANK5   BANK6   BANK7   BANK8   BANK9  BANK10  BANK11  BANK12
      Params:         0       0       0       0       0       0       0       0       0       0       0       0       0       0
      Locals:         0       0       0       0       0       0       0       0       0       0       0       0       0       0
      Temps:          0       0       0       0       0       0       0       0       0       0       0       0       0       0
      Totals:         0       0       0       0       0       0       0       0       0       0       0       0       0       0
Total ram usage:        0 bytes
 Hardware stack levels used:    1
 This function calls:
		Nothing
 This function is called by:
		_handle_ep0_setup
		_handle_ep0_out
		_handle_ep0_in
		i1_usb_init
 This function uses a non-reentrant model


 *************** function _usb_send_in_buffer_0 *****************
 Defined at:
		line 740 in file "usb.c"
 Parameters:    Size  Location     Type
  len             2    6[COMMON] unsigned int 
 Auto vars:     Size  Location     Type
  pid             1    9[COMMON] unsigned char 
 Return value:  Size  Location     Type
                  1    wreg      void 
 Registers used:
		wreg, fsr1l, fsr1h, status,2, status,0, pclath, cstack
 Tracked objects:
		On entry : 
		On exit  : 
		Unchanged: 
 Data sizes:     COMMON   BANK0   BANK1   BANK2   BANK3   BANK4   BANK5   BANK6   BANK7   BANK8   BANK9  BANK10  BANK11  BANK12
      Params:         2       0       0       0       0       0       0       0       0       0       0       0       0       0
      Locals:         1       0       0       0       0       0       0       0       0       0       0       0       0       0
      Temps:          1       0       0       0       0       0       0       0       0       0       0       0       0       0
      Totals:         4       0       0       0       0       0       0       0       0       0       0       0       0       0
Total ram usage:        4 bytes
 Hardware stack levels used:    1
 Hardware stack levels required when called:    2
 This function calls:
		i1_usb_in_endpoint_halted
 This function is called by:
		_start_control_return
		_handle_ep0_in
 This function uses a non-reentrant model


 *************** function i1_usb_in_endpoint_halted *****************
 Defined at:
		line 1496 in file "usb.c"
 Parameters:    Size  Location     Type
  endpoint        1    wreg     unsigned char 
 Auto vars:     Size  Location     Type
  endpoint        1    5[COMMON] unsigned char 
 Return value:  Size  Location     Type
                  1    wreg      unsigned char 
 Registers used:
		wreg, fsr1l, fsr1h, status,2, status,0, pclath, cstack
 Tracked objects:
		On entry : 
		On exit  : 
		Unchanged: 
 Data sizes:     COMMON   BANK0   BANK1   BANK2   BANK3   BANK4   BANK5   BANK6   BANK7   BANK8   BANK9  BANK10  BANK11  BANK12
      Params:         0       0       0       0       0       0       0       0       0       0       0       0       0       0
      Locals:         1       0       0       0       0       0       0       0       0       0       0       0       0       0
      Temps:          1       0       0       0       0       0       0       0       0       0       0       0       0       0
      Totals:         2       0       0       0       0       0       0       0       0       0       0       0       0       0
Total ram usage:        2 bytes
 Hardware stack levels used:    1
 Hardware stack levels required when called:    1
 This function calls:
		i1___bmul
 This function is called by:
		_usb_send_in_buffer_0
 This function uses a non-reentrant model


 *************** function i1___bmul *****************
 Defined at:
		line 4 in file "C:\Program Files (x86)\Microchip\xc8\v1.38\sources\common\Umul8.c"
 Parameters:    Size  Location     Type
  multiplier      1    wreg     unsigned char 
  multiplicand    1    0[COMMON] unsigned char 
 Auto vars:     Size  Location     Type
  multiplier      1    2[COMMON] unsigned char 
  __bmul          1    3[COMMON] unsigned char 
 Return value:  Size  Location     Type
                  1    wreg      unsigned char 
 Registers used:
		wreg, status,2, status,0
 Tracked objects:
		On entry : 
		On exit  : 
		Unchanged: 
 Data sizes:     COMMON   BANK0   BANK1   BANK2   BANK3   BANK4   BANK5   BANK6   BANK7   BANK8   BANK9  BANK10  BANK11  BANK12
      Params:         1       0       0       0       0       0       0       0       0       0       0       0       0       0
      Locals:         2       0       0       0       0       0       0       0       0       0       0       0       0       0
      Temps:          1       0       0       0       0       0       0       0       0       0       0       0       0       0
      Totals:         4       0       0       0       0       0       0       0       0       0       0       0       0       0
Total ram usage:        4 bytes
 Hardware stack levels used:    1
 This function calls:
		Nothing
 This function is called by:
		_stall_ep_in
		_handle_standard_control_request
		_usb_service
		i1_usb_init
		i1_usb_in_endpoint_halted
 This function uses a non-reentrant model



MODULE INFORMATION

Module		Function		Class		Link	Load	Size
C:\Program Files (x86)\Microchip\xc8\v1.38\sources\common\lwmod.c
		___lwmod       		CODE           	0A89	0000	46

C:\Program Files (x86)\Microchip\xc8\v1.38\sources\common\lwmod.c estimated size: 46

usb_descriptors.c
		_usb_application_get_string		CODE           	0D41	0000	101

usb_descriptors.c estimated size: 101

C:\Program Files (x86)\Microchip\xc8\v1.38\sources\common\llmod.c
		___llmod       		CODE           	0B4F	0000	68

C:\Program Files (x86)\Microchip\xc8\v1.38\sources\common\llmod.c estimated size: 68

C:\Program Files (x86)\Microchip\xc8\v1.38\sources\common\Umul16.c
		___wmul        		CODE           	0A26	0000	29

C:\Program Files (x86)\Microchip\xc8\v1.38\sources\common\Umul16.c estimated size: 29

C:\Program Files (x86)\Microchip\xc8\v1.38\sources\common\lwdiv.c
		___lwdiv       		CODE           	0B1A	0000	54

C:\Program Files (x86)\Microchip\xc8\v1.38\sources\common\lwdiv.c estimated size: 54

C:\Program Files (x86)\Microchip\xc8\v1.38\sources\common\Umul8.c
		___bmul        		CODE           	098C	0000	19

C:\Program Files (x86)\Microchip\xc8\v1.38\sources\common\Umul8.c estimated size: 19

shared
		_str00         		STRCODE        	0727	0000	5
		_dpowers       		STRCODE        	0613	0000	11
		_product_string		STRCODE        	0663	0000	49
		i1_usb_init    		CODE           	04AE	0000	358
		i1___wmul      		CODE           	0A0B	0000	28
		_configuration_1		STRCODE        	061D	0000	71
		__initialization		CODE           	0020	0000	54
		i1_usb_in_endpoint_halted		CODE           	0949	0000	17
		_vendor_string 		STRCODE        	06F9	0000	29
		_cdc_data_string		STRCODE        	0693	0000	39
		_cdc_interface_string		STRCODE        	06DD	0000	29
		_serial_number 		STRCODE        	06B9	0000	37
		i1_pic16_linear_addr		CODE           	0B92	0000	76
		i1___bmul      		CODE           	0959	0000	18
		i1_memset      		CODE           	09DB	0000	25
		_this_device_descriptor		STRCODE        	0715	0000	19
		i1_reset_ep0_data_stage		CODE           	0919	0000	12

shared estimated size: 877

C:\Program Files (x86)\Microchip\xc8\v1.38\sources\common\memset.c
		_memset        		CODE           	07E7	0000	26

C:\Program Files (x86)\Microchip\xc8\v1.38\sources\common\memset.c estimated size: 26

C:\Program Files (x86)\Microchip\xc8\v1.38\sources\common\doprnt.c
		_printf        		CODE           	072F	0000	185

C:\Program Files (x86)\Microchip\xc8\v1.38\sources\common\doprnt.c estimated size: 185

usb.c
		_usb_send_in_buffer		CODE           	0CDF	0000	99
		_stall_ep_in   		CODE           	0AB6	0000	48
		_stall_ep_out  		CODE           	0A42	0000	31
		_usb_in_endpoint_halted		CODE           	096A	0000	18
		_usb_service   		CODE           	0F1D	0000	228
		_usb_get_configuration		CODE           	08E9	0000	4
		_handle_standard_control_request		CODE           	0059	0000	740
		_usb_send_in_buffer_0		CODE           	0A60	0000	42
		_reset_bd0_out 		CODE           	0907	0000	9
		_usb_init      		CODE           	033C	0000	371
		_handle_ep0_in 		CODE           	0DA5	0000	116
		_usb_in_endpoint_busy		CODE           	099E	0000	19
		_clear_ep0_stall		CODE           	08F1	0000	8
		_handle_ep0_setup		CODE           	0AE5	0000	54
		_pic16_linear_addr		CODE           	0BDD	0000	76
		_handle_ep0_out		CODE           	0C28	0000	91
		_start_control_return		CODE           	0E96	0000	136
		_usb_get_in_buffer		CODE           	09B0	0000	21
		_reset_ep0_data_stage		CODE           	0924	0000	12
		_send_zero_length_packet_ep0		CODE           	08FF	0000	9
		_stall_ep0     		CODE           	090F	0000	11

usb.c estimated size: 2143

main.c
		_oscillator_init		CODE           	08F8	0000	8
		_putch         		CODE           	0C82	0000	94
		_main          		CODE           	0E18	0000	127
		_timer_init    		CODE           	097B	0000	18
		_isr           		CODE           	0004	0000	27
		_gpio_init     		CODE           	093B	0000	15
		_thermometer_init		CODE           	09F3	0000	25

main.c estimated size: 314

